// Jest Snapshot v1, https://goo.gl/fbAQLP

exports[`Storyshots Molecules/ContentEditable Default 1`] = `
<div
  style={
    {
      "alignContent": "flex-start",
      "display": "flex",
      "flexDirection": "column",
      "flexWrap": "wrap",
      "gap": "10px 30px",
      "height": "100%",
      "justifyContent": "flex-start",
      "maxHeight": "auto",
      "position": "relative",
    }
  }
>
  <div
    aria-label="Ask your question here..."
    className="sc-1p2qa2e-0 ggcIrv"
    contentEditable={true}
    onBlur={[Function]}
    onPaste={[Function]}
    placeholder="Ask your question here..."
    role="textbox"
    spellCheck={false}
    suppressContentEditableWarning="true"
  />
</div>
`;
