// Jest Snapshot v1, https://goo.gl/fbAQLP

exports[`Storyshots Layout/MainContainer Default 1`] = `
<div
  style={
    {
      "alignContent": "flex-start",
      "display": "flex",
      "flexDirection": "column",
      "flexWrap": "wrap",
      "gap": "10px 30px",
      "height": "100%",
      "justifyContent": "flex-start",
      "maxHeight": "auto",
      "position": "relative",
    }
  }
>
  <div
    className="sc-1bywnpk-0 bvrKrw"
  />
</div>
`;
