// Jest Snapshot v1, https://goo.gl/fbAQLP

exports[`Storyshots Atoms/ScreenReaderText Default 1`] = `
<div
  style={
    {
      "alignContent": "flex-start",
      "display": "flex",
      "flexDirection": "column",
      "flexWrap": "wrap",
      "gap": "10px 30px",
      "height": "100%",
      "justifyContent": "flex-start",
      "maxHeight": "auto",
      "position": "relative",
    }
  }
>
  <span
    className="sc-90c4yq-0 bmmsAZ"
  >
    Hidden text
  </span>
</div>
`;
