// Jest Snapshot v1, https://goo.gl/fbAQLP

exports[`Storyshots Atoms/DateDivisor Default 1`] = `
<div
  style={
    {
      "alignContent": "flex-start",
      "display": "flex",
      "flexDirection": "column",
      "flexWrap": "wrap",
      "gap": "10px 30px",
      "height": "100%",
      "justifyContent": "flex-start",
      "maxHeight": "auto",
      "position": "relative",
    }
  }
>
  <div
    className="sc-10r74t6-0 fNgNDf"
    data-testid="test"
    id="test"
  >
    <span
      className="sc-81qx22-0 btgklu"
      color="neutral-darker"
      size="xs"
    >
      Aug 3, 2023, 11:45 AM
    </span>
  </div>
</div>
`;
