// Jest Snapshot v1, https://goo.gl/fbAQLP

exports[`Storyshots Atoms/Typing Default 1`] = `
<div
  style={
    {
      "alignContent": "flex-start",
      "display": "flex",
      "flexDirection": "column",
      "flexWrap": "wrap",
      "gap": "10px 30px",
      "height": "100%",
      "justifyContent": "flex-start",
      "maxHeight": "auto",
      "position": "relative",
    }
  }
>
  <div
    className="sc-1irqryg-0 sc-1irqryg-1 fyFnNP hSjpO"
  >
    <span />
    <span />
    <span />
  </div>
</div>
`;
