// Jest Snapshot v1, https://goo.gl/fbAQLP

exports[`Storyshots Atoms/SuggestedQuestion Default 1`] = `
<div
  style={
    {
      "alignContent": "flex-start",
      "display": "flex",
      "flexDirection": "column",
      "flexWrap": "wrap",
      "gap": "10px 30px",
      "height": "100%",
      "justifyContent": "flex-start",
      "maxHeight": "auto",
      "position": "relative",
    }
  }
>
  <button
    className="sc-18ktvrn-0 kRLHHi"
    onClick={[Function]}
  >
    <span>
      What is Janus?
    </span>
  </button>
</div>
`;
